// Jest Snapshot v1, https://goo.gl/fbAQLP

exports[`<Blog /> Edit link should be able to update an existing blog 1`] = `
ReactWrapper {
  Symbol(enzyme.__unrendered__): <UNDEFINED
    edit={true}
  />,
  Symbol(enzyme.__renderer__): Object {
    "batchedUpdates": [Function],
    "getNode": [Function],
    "render": [Function],
    "simulateError": [Function],
    "simulateEvent": [Function],
    "unmount": [Function],
  },
  Symbol(enzyme.__root__): [Circular],
  Symbol(enzyme.__node__): Object {
    "instance": null,
    "key": undefined,
    "nodeType": "function",
    "props": Object {
      "edit": true,
    },
    "ref": null,
    "rendered": Array [
      Object {
        "instance": <div
          class="float-right tiny-font"
        >
          <span
            id="cancelBtn"
          >
            Cancel
          </span>
           | 
          <span
            id="updateBtn"
          >
            Update
          </span>
        </div>,
        "key": undefined,
        "nodeType": "host",
        "props": Object {
          "children": Array [
            <span
              id="cancelBtn"
            >
              Cancel
            </span>,
            " | ",
            <span
              id="updateBtn"
            >
              Update
            </span>,
          ],
          "className": "float-right tiny-font",
        },
        "ref": null,
        "rendered": Array [
          Object {
            "instance": <span
              id="cancelBtn"
            >
              Cancel
            </span>,
            "key": undefined,
            "nodeType": "host",
            "props": Object {
              "children": "Cancel",
              "id": "cancelBtn",
              "onClick": undefined,
            },
            "ref": null,
            "rendered": Array [
              "Cancel",
            ],
            "type": "span",
          },
          " | ",
          Object {
            "instance": <span
              id="updateBtn"
            >
              Update
            </span>,
            "key": undefined,
            "nodeType": "host",
            "props": Object {
              "children": "Update",
              "id": "updateBtn",
              "onClick": undefined,
            },
            "ref": null,
            "rendered": Array [
              "Update",
            ],
            "type": "span",
          },
        ],
        "type": "div",
      },
      Object {
        "instance": <input
          maxlength="200"
          name="blogheader"
          size="115"
          type="text"
          value=""
        />,
        "key": undefined,
        "nodeType": "host",
        "props": Object {
          "maxLength": "200",
          "name": "blogheader",
          "onChange": undefined,
          "onKeyUp": [Function],
          "size": "115",
          "type": "text",
          "value": undefined,
        },
        "ref": [Function],
        "rendered": Array [
          undefined,
        ],
        "type": "input",
      },
      Object {
        "instance": <br />,
        "key": undefined,
        "nodeType": "host",
        "props": Object {},
        "ref": null,
        "rendered": Array [
          undefined,
        ],
        "type": "br",
      },
      Object {
        "instance": <textarea
          cols="104"
          name="blogbody"
          rows="10"
        />,
        "key": undefined,
        "nodeType": "host",
        "props": Object {
          "cols": "104",
          "name": "blogbody",
          "onChange": undefined,
          "rows": "10",
          "value": undefined,
        },
        "ref": [Function],
        "rendered": Array [
          undefined,
        ],
        "type": "textarea",
      },
    ],
    "type": [Function],
  },
  Symbol(enzyme.__nodes__): Array [
    Object {
      "instance": null,
      "key": undefined,
      "nodeType": "function",
      "props": Object {
        "edit": true,
      },
      "ref": null,
      "rendered": Array [
        Object {
          "instance": <div
            class="float-right tiny-font"
          >
            <span
              id="cancelBtn"
            >
              Cancel
            </span>
             | 
            <span
              id="updateBtn"
            >
              Update
            </span>
          </div>,
          "key": undefined,
          "nodeType": "host",
          "props": Object {
            "children": Array [
              <span
                id="cancelBtn"
              >
                Cancel
              </span>,
              " | ",
              <span
                id="updateBtn"
              >
                Update
              </span>,
            ],
            "className": "float-right tiny-font",
          },
          "ref": null,
          "rendered": Array [
            Object {
              "instance": <span
                id="cancelBtn"
              >
                Cancel
              </span>,
              "key": undefined,
              "nodeType": "host",
              "props": Object {
                "children": "Cancel",
                "id": "cancelBtn",
                "onClick": undefined,
              },
              "ref": null,
              "rendered": Array [
                "Cancel",
              ],
              "type": "span",
            },
            " | ",
            Object {
              "instance": <span
                id="updateBtn"
              >
                Update
              </span>,
              "key": undefined,
              "nodeType": "host",
              "props": Object {
                "children": "Update",
                "id": "updateBtn",
                "onClick": undefined,
              },
              "ref": null,
              "rendered": Array [
                "Update",
              ],
              "type": "span",
            },
          ],
          "type": "div",
        },
        Object {
          "instance": <input
            maxlength="200"
            name="blogheader"
            size="115"
            type="text"
            value=""
          />,
          "key": undefined,
          "nodeType": "host",
          "props": Object {
            "maxLength": "200",
            "name": "blogheader",
            "onChange": undefined,
            "onKeyUp": [Function],
            "size": "115",
            "type": "text",
            "value": undefined,
          },
          "ref": [Function],
          "rendered": Array [
            undefined,
          ],
          "type": "input",
        },
        Object {
          "instance": <br />,
          "key": undefined,
          "nodeType": "host",
          "props": Object {},
          "ref": null,
          "rendered": Array [
            undefined,
          ],
          "type": "br",
        },
        Object {
          "instance": <textarea
            cols="104"
            name="blogbody"
            rows="10"
          />,
          "key": undefined,
          "nodeType": "host",
          "props": Object {
            "cols": "104",
            "name": "blogbody",
            "onChange": undefined,
            "rows": "10",
            "value": undefined,
          },
          "ref": [Function],
          "rendered": Array [
            undefined,
          ],
          "type": "textarea",
        },
      ],
      "type": [Function],
    },
  ],
  Symbol(enzyme.__options__): Object {
    "adapter": ReactSixteenAdapter {
      "options": Object {
        "enableComponentDidUpdateOnSetState": true,
        "legacyContextMode": "parent",
        "lifecycles": Object {
          "componentDidUpdate": Object {
            "onSetState": true,
          },
          "getChildContext": Object {
            "calledByRenderer": false,
          },
          "getDerivedStateFromProps": true,
          "getSnapshotBeforeUpdate": true,
          "setState": Object {
            "skipsComponentDidUpdateOnNullish": true,
          },
        },
      },
    },
  },
}
`;
